******************************************************************************
                  TI ARM Linker PC v20.2.7                     
******************************************************************************
>> Linked Wed Jun  7 16:28:50 2023

OUTPUT FILE NAME:   <ProyectoFinal_MyM.out>
ENTRY POINT SYMBOL: "_c_int00_noargs"  address: 00000915


MEMORY CONFIGURATION

         name            origin    length      used     unused   attr    fill
----------------------  --------  ---------  --------  --------  ----  --------
  FLASH                 00000000   00100000  00000c2a  000ff3d6  R  X
  SRAM                  20000000   00040000  00000225  0003fddb  RW X


SEGMENT ALLOCATION MAP

run origin  load origin   length   init length attrs members
----------  ----------- ---------- ----------- ----- -------
00000000    00000000    00000c30   00000c30    r-x
  00000000    00000000    00000208   00000208    r-- .intvecs
  00000208    00000208    0000079e   0000079e    r-x .text
  000009a8    000009a8    00000254   00000254    r-- .const
  00000c00    00000c00    00000030   00000030    r-- .cinit
20000000    20000000    00000228   00000000    rw-
  20000000    20000000    00000200   00000000    rw- .stack
  20000200    20000200    00000021   00000000    rw- .bss
  20000224    20000224    00000004   00000000    rw- .data


SECTION ALLOCATION MAP

 output                                  attributes/
section   page    origin      length       input sections
--------  ----  ----------  ----------   ----------------
.intvecs   0    00000000    00000208     
                  00000000    00000208     tm4c129encpdt_startup_ccs.obj (.intvecs)

.text      0    00000208    0000079e     
                  00000208    0000037c     main.obj (.text)
                  00000584    00000200     driverlib.lib : sysctl.obj (.text:SysCtlClockFreqSet)
                  00000784    0000009c     rtsv7M4_T_le_v4SPD16_eabi.lib : memcpy_t2.asm.obj (.text)
                  00000820    00000068                                   : copy_decompress_lzss.c.obj (.text:decompress:lzss:__TI_decompress_lzss)
                  00000888    00000048     driverlib.lib : sysctl.obj (.text:_SysCtlFrequencyGet)
                  000008d0    00000044     rtsv7M4_T_le_v4SPD16_eabi.lib : autoinit.c.obj (.text:__TI_auto_init_nobinit_nopinit:__TI_auto_init_nobinit_nopinit)
                  00000914    00000034                                   : boot_cortex_m.c.obj (.text:_c_int00_noargs:_c_int00_noargs)
                  00000948    00000020     driverlib.lib : sysctl.obj (.text:_SysCtlMemTimingGet)
                  00000968    0000001c     rtsv7M4_T_le_v4SPD16_eabi.lib : copy_zero_init.c.obj (.text:decompress:ZI:__TI_zero_init_nomemset:__TI_zero_init_nomemset)
                  00000984    0000000e                                   : copy_decompress_none.c.obj (.text:decompress:none:__TI_decompress_none)
                  00000992    0000000c     tm4c129encpdt_startup_ccs.obj (.text)
                  0000099e    00000004     rtsv7M4_T_le_v4SPD16_eabi.lib : pre_init.c.obj (.text:_system_pre_init)
                  000009a2    00000004                                   : exit.c.obj (.text:abort:abort)

.const     0    000009a8    00000254     
                  000009a8    000001b0     driverlib.lib : sysctl.obj (.const:g_pppui32XTALtoVCO)
                  00000b58    0000006c                   : sysctl.obj (.const:g_pui32Xtals)
                  00000bc4    00000030                   : sysctl.obj (.const:g_sXTALtoMEMTIM)
                  00000bf4    00000008                   : sysctl.obj (.const:g_pui32VCOFrequencies)

.cinit     0    00000c00    00000030     
                  00000c00    0000000c     (__TI_handler_table)
                  00000c0c    00000004     --HOLE-- [fill = 0]
                  00000c10    00000008     (.cinit..bss.load) [load image, compression = zero_init]
                  00000c18    00000007     (.cinit..data.load) [load image, compression = lzss]
                  00000c1f    00000001     --HOLE-- [fill = 0]
                  00000c20    00000010     (__TI_cinit_table)

.init_array 
*          0    00000000    00000000     UNINITIALIZED

.bss       0    20000200    00000021     UNINITIALIZED
                  20000200    0000000c     (.common:buffer)
                  2000020c    00000004     (.common:dist)
                  20000210    00000004     (.common:readPE0)
                  20000214    00000004     (.common:readPE1)
                  20000218    00000004     (.common:readPE2)
                  2000021c    00000004     (.common:readPE3)
                  20000220    00000001     (.common:lecturabt)

.data      0    20000224    00000004     UNINITIALIZED
                  20000224    00000004     main.obj (.data)

.stack     0    20000000    00000200     UNINITIALIZED
                  20000000    00000004     rtsv7M4_T_le_v4SPD16_eabi.lib : boot_cortex_m.c.obj (.stack)
                  20000004    000001fc     --HOLE--

__llvm_prf_cnts 
*          0    20000000    00000000     UNINITIALIZED

MODULE SUMMARY

       Module                          code   ro data   rw data
       ------                          ----   -------   -------
    .\
       main.obj                        892    0         37     
       tm4c129encpdt_startup_ccs.obj   12     520       0      
    +--+-------------------------------+------+---------+---------+
       Total:                          904    520       37     
                                                               
    C:/ti/TivaWare_C_Series-2.2.0.295/driverlib/ccs/Debug/driverlib.lib
       sysctl.obj                      616    596       0      
    +--+-------------------------------+------+---------+---------+
       Total:                          616    596       0      
                                                               
    C:\ti\ccs1220\ccs\tools\compiler\ti-cgt-arm_20.2.7.LTS\lib\rtsv7M4_T_le_v4SPD16_eabi.lib
       memcpy_t2.asm.obj               156    0         0      
       copy_decompress_lzss.c.obj      104    0         0      
       autoinit.c.obj                  68     0         0      
       boot_cortex_m.c.obj             52     0         0      
       copy_zero_init.c.obj            28     0         0      
       copy_decompress_none.c.obj      14     0         0      
       exit.c.obj                      4      0         0      
       pre_init.c.obj                  4      0         0      
    +--+-------------------------------+------+---------+---------+
       Total:                          430    0         0      
                                                               
       Stack:                          0      0         512    
       Linker Generated:               0      43        0      
    +--+-------------------------------+------+---------+---------+
       Grand Total:                    1950   1159      549    


LINKER GENERATED COPY TABLES

__TI_cinit_table @ 00000c20 records: 2, size/record: 8, table size: 16
	.bss: load addr=00000c10, load size=00000008 bytes, run addr=20000200, run size=00000021 bytes, compression=zero_init
	.data: load addr=00000c18, load size=00000007 bytes, run addr=20000224, run size=00000004 bytes, compression=lzss


LINKER GENERATED HANDLER TABLE

__TI_handler_table @ 00000c00 records: 3, size/record: 4, table size: 12
	index: 0, handler: __TI_decompress_lzss
	index: 1, handler: __TI_decompress_none
	index: 2, handler: __TI_zero_init


GLOBAL SYMBOLS: SORTED ALPHABETICALLY BY Name 

address   name                          
-------   ----                          
0000028d  Bluetooth_Read                
000002a9  Bluetooth_Write               
000002c5  Bluetooth_Write_String        
000009a3  C$$EXIT                       
00000209  Delay                         
00000231  HC05_init                     
00000993  ResetISR                      
00000585  SysCtlClockFreqSet            
20000200  __STACK_END                   
00000200  __STACK_SIZE                  
20000200  __STACK_TOP                   
00000c20  __TI_CINIT_Base               
00000c30  __TI_CINIT_Limit              
00000c00  __TI_Handler_Table_Base       
00000c0c  __TI_Handler_Table_Limit      
000008d1  __TI_auto_init_nobinit_nopinit
00000821  __TI_decompress_lzss          
00000985  __TI_decompress_none          
ffffffff  __TI_pprof_out_hndl           
ffffffff  __TI_prof_data_size           
ffffffff  __TI_prof_data_start          
00000000  __TI_static_base__            
00000969  __TI_zero_init_nomemset       
00000785  __aeabi_memcpy                
00000785  __aeabi_memcpy4               
00000785  __aeabi_memcpy8               
ffffffff  __binit__                     
ffffffff  __c_args__                    
UNDEFED   __mpu_init                    
20000000  __stack                       
20000000  __start___llvm_prf_cnts       
20000000  __stop___llvm_prf_cnts        
00000915  _c_int00_noargs               
UNDEFED   _system_post_cinit            
0000099f  _system_pre_init              
000009a3  abort                         
ffffffff  binit                         
20000200  buffer                        
2000020c  dist                          
000002e1  ftoa                          
00000000  g_pfnVectors                  
20000224  i                             
20000220  lecturabt                     
000003d5  main                          
00000785  memcpy                        
20000210  readPE0                       
20000214  readPE1                       
20000218  readPE2                       
2000021c  readPE3                       


GLOBAL SYMBOLS: SORTED BY Symbol Address 

address   name                          
-------   ----                          
00000000  __TI_static_base__            
00000000  g_pfnVectors                  
00000200  __STACK_SIZE                  
00000209  Delay                         
00000231  HC05_init                     
0000028d  Bluetooth_Read                
000002a9  Bluetooth_Write               
000002c5  Bluetooth_Write_String        
000002e1  ftoa                          
000003d5  main                          
00000585  SysCtlClockFreqSet            
00000785  __aeabi_memcpy                
00000785  __aeabi_memcpy4               
00000785  __aeabi_memcpy8               
00000785  memcpy                        
00000821  __TI_decompress_lzss          
000008d1  __TI_auto_init_nobinit_nopinit
00000915  _c_int00_noargs               
00000969  __TI_zero_init_nomemset       
00000985  __TI_decompress_none          
00000993  ResetISR                      
0000099f  _system_pre_init              
000009a3  C$$EXIT                       
000009a3  abort                         
00000c00  __TI_Handler_Table_Base       
00000c0c  __TI_Handler_Table_Limit      
00000c20  __TI_CINIT_Base               
00000c30  __TI_CINIT_Limit              
20000000  __stack                       
20000000  __start___llvm_prf_cnts       
20000000  __stop___llvm_prf_cnts        
20000200  __STACK_END                   
20000200  __STACK_TOP                   
20000200  buffer                        
2000020c  dist                          
20000210  readPE0                       
20000214  readPE1                       
20000218  readPE2                       
2000021c  readPE3                       
20000220  lecturabt                     
20000224  i                             
ffffffff  __TI_pprof_out_hndl           
ffffffff  __TI_prof_data_size           
ffffffff  __TI_prof_data_start          
ffffffff  __binit__                     
ffffffff  __c_args__                    
ffffffff  binit                         
UNDEFED   __mpu_init                    
UNDEFED   _system_post_cinit            

[49 symbols]
